../Core/Src/main.c:86:5:main	16	static
../Core/Src/main.c:139:6:SystemClock_Config	96	static
../Core/Src/main.c:189:13:MX_I2C1_Init	8	static
../Core/Src/main.c:237:13:MX_TIM2_Init	40	static
../Core/Src/main.c:282:13:MX_USART2_UART_Init	8	static
../Core/Src/main.c:317:13:MX_GPIO_Init	24	static
../Core/Src/main.c:333:6:MPU_6050_Init	32	static
../Core/Src/main.c:368:6:MPU_Get_Accel	288	static
../Core/Src/main.c:397:6:MPU_Get_Gyro	312	static
../Core/Src/main.c:426:6:Get_Pos	408	static
../Core/Src/main.c:488:6:Error_Handler	4	static,ignoring_inline_asm
