../Core/Src/main.c:98:5:main	176	static
../Core/Src/main.c:282:6:SystemClock_Config	96	static
../Core/Src/main.c:332:13:MX_ADC1_Init	48	static
../Core/Src/main.c:399:13:MX_TIM2_Init	64	static
../Core/Src/main.c:458:13:MX_TIM3_Init	64	static
../Core/Src/main.c:517:13:MX_TIM4_Init	48	static
../Core/Src/main.c:566:13:MX_TIM6_Init	24	static
../Core/Src/main.c:604:13:MX_TIM8_Init	56	static
../Core/Src/main.c:658:13:MX_TIM15_Init	96	static
../Core/Src/main.c:723:13:MX_TIM16_Init	8	static
../Core/Src/main.c:755:13:MX_USART2_UART_Init	8	static
../Core/Src/main.c:790:13:MX_GPIO_Init	48	static
../Core/Src/main.c:852:6:HAL_TIM_PeriodElapsedCallback	16	static
../Core/Src/main.c:861:6:HAL_GPIO_EXTI_Callback	16	static,ignoring_inline_asm
../Core/Src/main.c:870:6:Get_Pulses	16	static
../Core/Src/main.c:918:6:Send_Pulse	16	static
../Core/Src/main.c:930:6:Error_Handler	4	static,ignoring_inline_asm
