../Core/Src/main.c:90:5:main	120	static
../Core/Src/main.c:182:6:SystemClock_Config	96	static
../Core/Src/main.c:232:13:MX_ADC1_Init	48	static
../Core/Src/main.c:299:13:MX_TIM2_Init	64	static
../Core/Src/main.c:358:13:MX_TIM3_Init	64	static
../Core/Src/main.c:417:13:MX_TIM4_Init	48	static
../Core/Src/main.c:466:13:MX_TIM6_Init	24	static
../Core/Src/main.c:504:13:MX_TIM8_Init	56	static
../Core/Src/main.c:558:13:MX_TIM15_Init	96	static
../Core/Src/main.c:623:13:MX_TIM16_Init	8	static
../Core/Src/main.c:655:13:MX_USART2_UART_Init	8	static
../Core/Src/main.c:690:13:MX_GPIO_Init	48	static
../Core/Src/main.c:746:6:HAL_TIM_PeriodElapsedCallback	16	static
../Core/Src/main.c:755:6:HAL_GPIO_EXTI_Callback	16	static,ignoring_inline_asm
../Core/Src/main.c:764:6:Get_Pulses	16	static
../Core/Src/main.c:791:6:Send_Pulse	16	static
../Core/Src/main.c:803:6:Error_Handler	4	static,ignoring_inline_asm
