../Core/Src/main.c:102:5:main	344	static
../Core/Src/main.c:338:6:SystemClock_Config	96	static
../Core/Src/main.c:388:13:MX_ADC1_Init	48	static
../Core/Src/main.c:455:13:MX_I2C1_Init	8	static
../Core/Src/main.c:503:13:MX_TIM2_Init	64	static
../Core/Src/main.c:562:13:MX_TIM3_Init	64	static
../Core/Src/main.c:621:13:MX_TIM4_Init	48	static
../Core/Src/main.c:670:13:MX_TIM6_Init	24	static
../Core/Src/main.c:708:13:MX_TIM8_Init	56	static
../Core/Src/main.c:762:13:MX_TIM15_Init	96	static
../Core/Src/main.c:827:13:MX_TIM16_Init	8	static
../Core/Src/main.c:859:13:MX_USART2_UART_Init	8	static
../Core/Src/main.c:894:13:MX_GPIO_Init	48	static
../Core/Src/main.c:956:6:HAL_TIM_PeriodElapsedCallback	16	static
../Core/Src/main.c:961:6:HAL_GPIO_EXTI_Callback	16	static,ignoring_inline_asm
../Core/Src/main.c:970:6:MPU_6050_Init	56	static
../Core/Src/main.c:1031:6:Get_Pos	64	static
../Core/Src/main.c:1048:6:Motor_Adjust_Roll	4	static
../Core/Src/main.c:1087:6:Motor_Adjust_Pitch	4	static
../Core/Src/main.c:1129:6:Get_Pulses	16	static
../Core/Src/main.c:1178:6:Send_Pulse	16	static
../Core/Src/main.c:1190:6:Error_Handler	4	static,ignoring_inline_asm
