../Core/Src/main.c:76:5:main	24	static
../Core/Src/main.c:195:6:SystemClock_Config	96	static
../Core/Src/main.c:245:13:MX_ADC1_Init	48	static
../Core/Src/main.c:312:13:MX_TIM3_Init	40	static
../Core/Src/main.c:357:13:MX_TIM4_Init	48	static
../Core/Src/main.c:406:13:MX_TIM16_Init	8	static
../Core/Src/main.c:438:13:MX_USART2_UART_Init	8	static
../Core/Src/main.c:473:13:MX_GPIO_Init	48	static
../Core/Src/main.c:517:6:HAL_TIM_PeriodElapsedCallback	16	static
../Core/Src/main.c:528:6:Send_Pulse	16	static
../Core/Src/main.c:540:6:Error_Handler	4	static,ignoring_inline_asm
