../Core/Src/main.c:80:5:main	24	static
../Core/Src/main.c:165:6:SystemClock_Config	96	static
../Core/Src/main.c:215:13:MX_ADC1_Init	48	static
../Core/Src/main.c:282:13:MX_TIM2_Init	40	static
../Core/Src/main.c:327:13:MX_TIM3_Init	40	static
../Core/Src/main.c:372:13:MX_TIM4_Init	48	static
../Core/Src/main.c:421:13:MX_USART2_UART_Init	8	static
../Core/Src/main.c:456:13:MX_GPIO_Init	48	static
../Core/Src/main.c:500:6:HAL_TIM_PeriodElapsedCallback	16	static
../Core/Src/main.c:509:6:HAL_GPIO_EXTI_Callback	16	static,ignoring_inline_asm
../Core/Src/main.c:518:6:Get_Pulses	16	static
../Core/Src/main.c:531:6:Send_Pulse	16	static
../Core/Src/main.c:543:6:Error_Handler	4	static,ignoring_inline_asm
